Using username "ubuntu".
Authenticating with public key "imported-openssh-key"
Welcome to Ubuntu 14.04.4 LTS (GNU/Linux 3.13.0-92-generic x86_64)

 * Documentation:  https://help.ubuntu.com/

  System information as of Fri Sep 23 08:53:55 UTC 2016

  System load: 0.0               Memory usage: 5%   Processes:       81
  Usage of /:  13.2% of 7.74GB   Swap usage:   0%   Users logged in: 0

  Graph this data and manage this system at:
    https://landscape.canonical.com/

  Get cloud support with Ubuntu Advantage Cloud Guest:
    http://www.ubuntu.com/business/services/cloud

New release '16.04.1 LTS' available.
Run 'do-release-upgrade' to upgrade to it.


Last login: Fri Sep 23 08:36:24 2016 from 14.102.36.2
ubuntu@ip-172-31-18-176:~$ cd /etc
ubuntu@ip-172-31-18-176:/etc$ ls
acpi                    initramfs-tools          python2.7
adduser.conf            inputrc                  python3
adjtime                 insserv                  python3.4
alternatives            insserv.conf             rc0.d
apm                     insserv.conf.d           rc1.d
apparmor                iproute2                 rc2.d
apparmor.d              issue                    rc3.d
apport                  issue.net                rc4.d
apt                     kbd                      rc5.d
at.deny                 kernel                   rc6.d
bash.bashrc             kernel-img.conf          rc.local
bash_completion         landscape                rcS.d
bash_completion.d       ldap                     resolvconf
bindresvport.blacklist  ld.so.cache              resolv.conf
blkid.conf              ld.so.conf               rmt
blkid.tab               ld.so.conf.d             rpc
byobu                   legal                    rsyslog.conf
ca-certificates         libaudit.conf            rsyslog.d
ca-certificates.conf    locale.alias             screenrc
calendar                localtime                securetty
chatscripts             logcheck                 security
cloud                   login.defs               selinux
console-setup           logrotate.conf           services
cron.d                  logrotate.d              sgml
cron.daily              lsb-release              shadow
cron.hourly             ltrace.conf              shadow-
cron.monthly            magic                    shells
crontab                 magic.mime               skel
cron.weekly             mailcap                  ssh
crypttab                mailcap.order            ssl
dbus-1                  manpath.config           subgid
debconf.conf            mime.types               subgid-
debian_version          mke2fs.conf              subuid
default                 modprobe.d               subuid-
deluser.conf            modules                  sudoers
depmod.d                mtab                     sudoers.d
dhcp                    nanorc                   sysctl.conf
dpkg                    network                  sysctl.d
ec2_version             networks                 systemd
environment             newt                     terminfo
fonts                   nsswitch.conf            timezone
fstab                   opt                      ucf.conf
fstab.d                 os-release               udev
fuse.conf               overlayroot.conf         ufw
gai.conf                overlayroot.local.conf   updatedb.conf
groff                   pam.conf                 update-manager
group                   pam.d                    update-motd.d
group-                  passwd                   update-notifier
grub.d                  passwd-                  upstart-xsessions
gshadow                 perl                     vim
gshadow-                pm                       vmware-tools
hdparm.conf             polkit-1                 vtrgb
host.conf               pollinate                w3m
hostname                popularity-contest.conf  wgetrc
hosts                   ppp                      X11
hosts.allow             profile                  xdg
hosts.deny              profile.d                xml
init                    protocols                zsh_command_not_found
init.d                  python
ubuntu@ip-172-31-18-176:/etc$ sudo vi ld.so.conf
ubuntu@ip-172-31-18-176:/etc$ sudo touch usr-local.conf
ubuntu@ip-172-31-18-176:/etc$ ls
acpi                    initramfs-tools          python2.7
adduser.conf            inputrc                  python3
adjtime                 insserv                  python3.4
alternatives            insserv.conf             rc0.d
apm                     insserv.conf.d           rc1.d
apparmor                iproute2                 rc2.d
apparmor.d              issue                    rc3.d
apport                  issue.net                rc4.d
apt                     kbd                      rc5.d
at.deny                 kernel                   rc6.d
bash.bashrc             kernel-img.conf          rc.local
bash_completion         landscape                rcS.d
bash_completion.d       ldap                     resolvconf
bindresvport.blacklist  ld.so.cache              resolv.conf
blkid.conf              ld.so.conf               rmt
blkid.tab               ld.so.conf.d             rpc
byobu                   legal                    rsyslog.conf
ca-certificates         libaudit.conf            rsyslog.d
ca-certificates.conf    locale.alias             screenrc
calendar                localtime                securetty
chatscripts             logcheck                 security
cloud                   login.defs               selinux
console-setup           logrotate.conf           services
cron.d                  logrotate.d              sgml
cron.daily              lsb-release              shadow
cron.hourly             ltrace.conf              shadow-
cron.monthly            magic                    shells
crontab                 magic.mime               skel
cron.weekly             mailcap                  ssh
crypttab                mailcap.order            ssl
dbus-1                  manpath.config           subgid
debconf.conf            mime.types               subgid-
debian_version          mke2fs.conf              subuid
default                 modprobe.d               subuid-
deluser.conf            modules                  sudoers
depmod.d                mtab                     sudoers.d
dhcp                    nanorc                   sysctl.conf
dpkg                    network                  sysctl.d
ec2_version             networks                 systemd
environment             newt                     terminfo
fonts                   nsswitch.conf            timezone
fstab                   opt                      ucf.conf
fstab.d                 os-release               udev
fuse.conf               overlayroot.conf         ufw
gai.conf                overlayroot.local.conf   updatedb.conf
groff                   pam.conf                 update-manager
group                   pam.d                    update-motd.d
group-                  passwd                   update-notifier
grub.d                  passwd-                  upstart-xsessions
gshadow                 perl                     usr-local.conf
gshadow-                pm                       vim
hdparm.conf             polkit-1                 vmware-tools
host.conf               pollinate                vtrgb
hostname                popularity-contest.conf  w3m
hosts                   ppp                      wgetrc
hosts.allow             profile                  X11
hosts.deny              profile.d                xdg
init                    protocols                xml
init.d                  python                   zsh_command_not_found
ubuntu@ip-172-31-18-176:/etc$ sudo vi usr-local.conf
ubuntu@ip-172-31-18-176:/etc$ ldconfig
/sbin/ldconfig.real: Can't create temporary cache file /etc/ld.so.cache~: Permission denied
ubuntu@ip-172-31-18-176:/etc$ sudo ldconfig
ubuntu@ip-172-31-18-176:/etc$ cobc
cobc: error: no input files
ubuntu@ip-172-31-18-176:/etc$ cobc -v
loading standard configuration file 'default.conf'
cobc: error: no input files
ubuntu@ip-172-31-18-176:/etc$ cobc -V
cobc (GnuCOBOL) 2.0.0
Copyright (C) 2016 Free Software Foundation, Inc.
License GPLv3+: GNU GPL version 3 or later <http://gnu.org/licenses/gpl.html>
This is free software; see the source for copying conditions.  There is NO
warranty; not even for MERCHANTABILITY or FITNESS FOR A PARTICULAR PURPOSE.
Written by Keisuke Nishida, Roger While, Ron Norman, Simon Sobisch, Edward Hart
Built     Sep 23 2016 08:22:08
Packaged  Aug 14 2016 12:21:51 UTC
C version "4.8.4"
ubuntu@ip-172-31-18-176:/etc$ ubuntu@ip-172-31-18-176:~$ cd /etc
adduser.conf            inputrc                  python3
adjtime                 insserv                  python3.4
alternatives            insserv.conf             rc0.d
apm                     insserv.conf.d           rc1.d
apparmor                iproute2                 rc2.d
apparmor.d              issue                    rc3.d
apport                  issue.net                rc4.d
apt                     kbd                      rc5.d
at.deny                 kernel                   rc6.d
bash.bashrc             kernel-img.conf          rc.local
bash_completion         landscape                rcS.d
bash_completion.d       ldap                     resolvconf
bindresvport.blacklist  ld.so.cache              resolv.conf
blkid.conf              ld.so.conf               rmt
blkid.tab               ld.so.conf.d             rpc
byobu                   legal                    rsyslog.conf
ca-certificates         libaudit.conf            rsyslog.d
ca-certificates.conf    locale.alias             screenrc
calendar                localtime                securetty
chatscripts             logcheck                 security
cloud                   login.defs               selinux
console-setup           logrotate.conf           services
cron.d                  logrotate.d              sgml
cron.daily              lsb-release              shadow
cron.hourly             ltrace.conf              shadow-
cron.monthly            magic                    shells
crontab                 magic.mime               skel
cron.weekly             mailcap                  ssh
crypttab                mailcap.order            ssl
dbus-1                  manpath.config           subgid
debconf.conf            mime.types               subgid-
debian_version          mke2fs.conf              subuid
default                 modprobe.d               subuid-
deluser.conf            modules                  sudoers
depmod.d                mtab                     sudoers.d
dhcp                    nanorc                   sysctl.conf
dpkg                    network                  sysctl.d
ec2_version             networks                 systemd
environment             newt                     terminfo
fonts                   nsswitch.conf            timezone
fstab                   opt                      ucf.conf
fstab.d                 os-release               udev
fuse.conf               overlayroot.conf         ufw
gai.conf                overlayroot.local.conf   updatedb.conf
groff                   pam.conf                 update-manager
group                   pam.d                    update-motd.d
group-                  passwd                   update-notifier
grub.d                  passwd-                  upstart-xsessions
gshadow                 perl                     vim
gshadow-                pm                       vmware-tools
hdparm.conf             polkit-1                 vtrgb
host.conf               pollinate                w3m
hostname                popularity-contest.conf  wgetrc
hosts                   ppp                      X11
hosts.allow             profile                  xdg
hosts.deny              profile.d                xml
init                    protocols                zsh_command_not_found
init.d                  python
ubuntu@ip-172-31-18-176:/etc$ sudo vi ld.so.conf
ubuntu@ip-172-31-18-176:/etc$ sudo touch usr-local.conf
ubuntu@ip-172-31-18-176:/etc$ ls
acpi                    initramfs-tools          python2.7
adduser.conf            inputrc                  python3
adjtime                 insserv                  python3.4
alternatives            insserv.conf             rc0.d
apm                     insserv.conf.d           rc1.d
apparmor                iproute2                 rc2.d
apparmor.d              issue                    rc3.d
apport                  issue.net                rc4.d
apt                     kbd                      rc5.d
at.deny                 kernel                   rc6.d
bash.bashubuntu@ip-172-31-18-176:~$: command not found
ubuntu@ip-172-31-18-176:/etc$ ubuntu@ip-172-31-18-176:/etc$ ls
-bash: ubuntu@ip-172-31-18-176:/etc$: No such file or directory
ubuntu@ip-172-31-18-176:/etc$ acpi                    initramfs-tools          python2.7
The program 'acpi' is currently not installed. You can install it by typing:
sudo apt-get install acpi
ubuntu@ip-172-31-18-176:/etc$ adduser.conf            inputrc                  python3
adduser.conf: command not found
ubuntu@ip-172-31-18-176:/etc$ adjtime                 insserv                  python3.4
No command 'adjtime' found, did you mean:
 Command 'adjtimex' from package 'adjtimex' (universe)
adjtime: command not found
ubuntu@ip-172-31-18-176:/etc$ alternatives            insserv.conf             rc0.d
No command 'alternatives' found, did you mean:
 Command 'galternatives' from package 'galternatives' (universe)
alternatives: command not found
ubuntu@ip-172-31-18-176:/etc$ apm                     insserv.conf.d           rc1.d
The program 'apm' is currently not installed. You can install it by typing:
sudo apt-get install apmd
ubuntu@ip-172-31-18-176:/etc$ apparmor                iproute2                 rc2.d
apparmor: command not found
ubuntu@ip-172-31-18-176:/etc$ apparmor.d              issue                    rc3.d
apparmor.d: command not found
ubuntu@ip-172-31-18-176:/etc$ apport                  issue.net                rc4.d
apport: command not found
ubuntu@ip-172-31-18-176:/etc$ apt                     kbd                      rc5.d
E: Invalid operation kbd
ubuntu@ip-172-31-18-176:/etc$ at.deny                 kernel                   rc6.d
at.deny: command not found
ubuntu@ip-172-31-18-176:/etc$ bash.bashrc             kernel-img.conf          rc.local
bash.bashrc: command not found
ubuntu@ip-172-31-18-176:/etc$ bash_completion         landscape                rcS.d
bash_completion: command not found
ubuntu@ip-172-31-18-176:/etc$ bash_completion.d       ldap                     resolvconf
bash_completion.d: command not found
ubuntu@ip-172-31-18-176:/etc$ bindresvport.blacklist  ld.so.cache              resolv.conf
bindresvport.blacklist: command not found
ubuntu@ip-172-31-18-176:/etc$ blkid.conf              ld.so.conf               rmt
blkid.conf: command not found
ubuntu@ip-172-31-18-176:/etc$ blkid.tab               ld.so.conf.d             rpc
blkid.tab: command not found
ubuntu@ip-172-31-18-176:/etc$ byobu                   legal                    rsyslog.conf
unknown command: legal
ubuntu@ip-172-31-18-176:/etc$ ca-certificates         libaudit.conf            rsyslog.d
ca-certificates: command not found
ubuntu@ip-172-31-18-176:/etc$ ca-certificates.conf    locale.alias             screenrc
ca-certificates.conf: command not found
ubuntu@ip-172-31-18-176:/etc$ calendar                localtime                securetty
usage: calendar [-ab] [-A num] [-B num] [-l num] [-w num][-f calendarfile] [-t [[[cc]yy][mm]]dd]
ubuntu@ip-172-31-18-176:/etc$ chatscripts             logcheck                 security
chatscripts: command not found
ubuntu@ip-172-31-18-176:/etc$ cloud                   login.defs               selinux
cloud: command not found
ubuntu@ip-172-31-18-176:/etc$ console-setup           logrotate.conf           services
console-setup: command not found
ubuntu@ip-172-31-18-176:/etc$ cron.d                  logrotate.d              sgml
cron.d: command not found
ubuntu@ip-172-31-18-176:/etc$ cron.daily              lsb-release              shadow
cron.daily: command not found
ubuntu@ip-172-31-18-176:/etc$ cron.hourly             ltrace.conf              shadow-
cron.hourly: command not found
ubuntu@ip-172-31-18-176:/etc$ cron.monthly            magic                    shells
cron.monthly: command not found
ubuntu@ip-172-31-18-176:/etc$ crontab                 magic.mime               skel
ubuntu@ip-172-31-18-176:/etc$ cron.weekly             mailcap                  ssh
cron.weekly: command not found
ubuntu@ip-172-31-18-176:/etc$ crypttab                mailcap.order            ssl
crypttab: command not found
ubuntu@ip-172-31-18-176:/etc$ dbus-1                  manpath.config           subgid
dbus-1: command not found
ubuntu@ip-172-31-18-176:/etc$ debconf.conf            mime.types               subgid-
debconf.conf: command not found
ubuntu@ip-172-31-18-176:/etc$ debian_version          mke2fs.conf              subuid
debian_version: command not found
ubuntu@ip-172-31-18-176:/etc$ default                 modprobe.d               subuid-
No command 'default' found, did you mean:
 Command 'defaults' from package 'gnustep-base-runtime' (universe)
default: command not found
ubuntu@ip-172-31-18-176:/etc$ deluser.conf            modules                  sudoers
deluser.conf: command not found
ubuntu@ip-172-31-18-176:/etc$ depmod.d                mtab                     sudoers.d
depmod.d: command not found
ubuntu@ip-172-31-18-176:/etc$ dhcp                    nanorc                   sysctl.conf
No command 'dhcp' found, did you mean:
 Command 'hcp' from package 'lam4-dev' (universe)
 Command 'dicp' from package 'dish' (universe)
 Command 'chcp' from package 'nilfs-tools' (universe)
 Command 'dccp' from package 'dcap' (universe)
 Command 'dhcpx' from package 'irpas' (multiverse)
 Command 'dhcpd' from package 'isc-dhcp-server' (main)
 Command 'dhcpd' from package 'isc-dhcp-server-ldap' (universe)
dhcp: command not found
ubuntu@ip-172-31-18-176:/etc$ dpkg                    network                  sysctl.d
dpkg: error: need an action option

Type dpkg --help for help about installing and deinstalling packages [*];
Use 'apt' or 'aptitude' for user-friendly package management;
Type dpkg -Dhelp for a list of dpkg debug flag values;
Type dpkg --force-help for a list of forcing options;
Type dpkg-deb --help for help about manipulating *.deb files;

Options marked [*] produce a lot of output - pipe it through 'less' or 'more' !
ubuntu@ip-172-31-18-176:/etc$ ec2_version             networks                 systemd
No command 'ec2_version' found, did you mean:
 Command 'ec2-version' from package 'ec2-api-tools' (multiverse)
ec2_version: command not found
ubuntu@ip-172-31-18-176:/etc$ environment             newt                     terminfo
environment: command not found
ubuntu@ip-172-31-18-176:/etc$ fonts                   nsswitch.conf            timezone
No command 'fonts' found, did you mean:
 Command 'font' from package 'libxgks-dev' (universe)
 Command 'fontc' from package 'ncl-ncarg' (universe)
fonts: command not found
ubuntu@ip-172-31-18-176:/etc$ fstab                   opt                      ucf.conf
fstab: command not found
ubuntu@ip-172-31-18-176:/etc$ fstab.d                 os-release               udev
fstab.d: command not found
ubuntu@ip-172-31-18-176:/etc$ fuse.conf               overlayroot.conf         ufw
fuse.conf: command not found
ubuntu@ip-172-31-18-176:/etc$ gai.conf                overlayroot.local.conf   updatedb.conf
gai.conf: command not found
ubuntu@ip-172-31-18-176:/etc$ groff                   pam.conf                 update-manager
%!PS-Adobe-3.0
%%Creator: groff version 1.22.2
%%CreationDate: Fri Sep 23 09:04:34 2016
%%DocumentNeededResources: font Times-Roman
%%DocumentSuppliedResources: procset grops 1.22 2
%%Pages: 1
%%PageOrder: Ascend
%%DocumentMedia: Default 595 842 0 () ()
%%Orientation: Portrait
%%EndComments
%%BeginDefaults
%%PageMedia: Default
%%EndDefaults
%%BeginProlog
%%BeginResource: procset grops 1.22 2
%!PS-Adobe-3.0 Resource-ProcSet
/setpacking where{
pop
currentpacking
true setpacking
}if
/grops 120 dict dup begin
/SC 32 def
/A/show load def
/B{0 SC 3 -1 roll widthshow}bind def
/C{0 exch ashow}bind def
/D{0 exch 0 SC 5 2 roll awidthshow}bind def
/E{0 rmoveto show}bind def
/F{0 rmoveto 0 SC 3 -1 roll widthshow}bind def
/G{0 rmoveto 0 exch ashow}bind def
/H{0 rmoveto 0 exch 0 SC 5 2 roll awidthshow}bind def
/I{0 exch rmoveto show}bind def
/J{0 exch rmoveto 0 SC 3 -1 roll widthshow}bind def
/K{0 exch rmoveto 0 exch ashow}bind def
/L{0 exch rmoveto 0 exch 0 SC 5 2 roll awidthshow}bind def
/M{rmoveto show}bind def
/N{rmoveto 0 SC 3 -1 roll widthshow}bind def
/O{rmoveto 0 exch ashow}bind def
/P{rmoveto 0 exch 0 SC 5 2 roll awidthshow}bind def
/Q{moveto show}bind def
/R{moveto 0 SC 3 -1 roll widthshow}bind def
/S{moveto 0 exch ashow}bind def
/T{moveto 0 exch 0 SC 5 2 roll awidthshow}bind def
/SF{
findfont exch
[exch dup 0 exch 0 exch neg 0 0]makefont
dup setfont
[exch/setfont cvx]cvx bind def
}bind def
/MF{
findfont
[5 2 roll
0 3 1 roll
neg 0 0]makefont
dup setfont
[exch/setfont cvx]cvx bind def
}bind def
/level0 0 def
/RES 0 def
/PL 0 def
/LS 0 def
/MANUAL{
statusdict begin/manualfeed true store end
}bind def
/PLG{
gsave newpath clippath pathbbox grestore
exch pop add exch pop
}bind def
/BP{
/level0 save def
1 setlinecap
1 setlinejoin
DEFS/BPhook known{DEFS begin BPhook end}if
72 RES div dup scale
LS{
90 rotate
}{
0 PL translate
}ifelse
1 -1 scale
}bind def
/EP{
level0 restore
showpage
}def
/DA{
newpath arcn stroke
}bind def
/SN{
transform
.25 sub exch .25 sub exch
round .25 add exch round .25 add exch
itransform
}bind def
/DL{
SN
moveto
SN
lineto stroke
}bind def
/DC{
newpath 0 360 arc closepath
}bind def
/TM matrix def
/DE{
TM currentmatrix pop
translate scale newpath 0 0 .5 0 360 arc closepath
TM setmatrix
}bind def
/RC/rcurveto load def
/RL/rlineto load def
/ST/stroke load def
/MT/moveto load def
/CL/closepath load def
/Fr{
setrgbcolor fill
}bind def
/setcmykcolor where{
pop
/Fk{
setcmykcolor fill
}bind def
}if
/Fg{
setgray fill
}bind def
/FL/fill load def
/LW/setlinewidth load def
/Cr/setrgbcolor load def
/setcmykcolor where{
pop
/Ck/setcmykcolor load def
}if
/Cg/setgray load def
/RE{
findfont
dup maxlength 1 index/FontName known not{1 add}if dict begin
{
1 index/FID ne
2 index/UniqueID ne
and
{def}{pop pop}ifelse
}forall
/Encoding exch def
dup/FontName exch def
currentdict end definefont pop
}bind def
/DEFS 0 def
/EBEGIN{
moveto
DEFS begin
}bind def
/EEND/end load def
/CNT 0 def
/level1 0 def
/PBEGIN{
/level1 save def
translate
div 3 1 roll div exch scale
neg exch neg exch translate
0 setgray
0 setlinecap
1 setlinewidth
0 setlinejoin
10 setmiterlimit
[]0 setdash
/setstrokeadjust where{
pop
false setstrokeadjust
}if
/setoverprint where{
pop
false setoverprint
}if
newpath
/CNT countdictstack def
userdict begin
/showpage{}def
/setpagedevice{}def
mark
}bind def
/PEND{
cleartomark
countdictstack CNT sub{end}repeat
level1 restore
}bind def
end def
/setpacking where{
pop
setpacking
}if
%%EndResource
%%EndProlog
%%BeginSetup
%%BeginFeature: *PageSize Default
<< /PageSize [ 595 842 ] /ImagingBBox null >> setpagedevice
%%EndFeature
%%IncludeResource: font Times-Roman
grops begin/DEFS 1 dict def DEFS begin/u{.001 mul}bind def end/RES 72
def/PL 841.89 def/LS false def/ENC0[/asciicircum/asciitilde/Scaron
/Zcaron/scaron/zcaron/Ydieresis/trademark/quotesingle/Euro/.notdef
/.notdef/.notdef/.notdef/.notdef/.notdef/.notdef/.notdef/.notdef/.notdef
/.notdef/.notdef/.notdef/.notdef/.notdef/.notdef/.notdef/.notdef/.notdef
/.notdef/.notdef/.notdef/space/exclam/quotedbl/numbersign/dollar/percent
/ampersand/quoteright/parenleft/parenright/asterisk/plus/comma/hyphen
/period/slash/zero/one/two/three/four/five/six/seven/eight/nine/colon
/semicolon/less/equal/greater/question/at/A/B/C/D/E/F/G/H/I/J/K/L/M/N/O
/P/Q/R/S/T/U/V/W/X/Y/Z/bracketleft/backslash/bracketright/circumflex
/underscore/quoteleft/a/b/c/d/e/f/g/h/i/j/k/l/m/n/o/p/q/r/s/t/u/v/w/x/y
/z/braceleft/bar/braceright/tilde/.notdef/quotesinglbase/guillemotleft
/guillemotright/bullet/florin/fraction/perthousand/dagger/daggerdbl
/endash/emdash/ff/fi/fl/ffi/ffl/dotlessi/dotlessj/grave/hungarumlaut
/dotaccent/breve/caron/ring/ogonek/quotedblleft/quotedblright/oe/lslash
/quotedblbase/OE/Lslash/.notdef/exclamdown/cent/sterling/currency/yen
/brokenbar/section/dieresis/copyright/ordfeminine/guilsinglleft
/logicalnot/minus/registered/macron/degree/plusminus/twosuperior
/threesuperior/acute/mu/paragraph/periodcentered/cedilla/onesuperior
/ordmasculine/guilsinglright/onequarter/onehalf/threequarters
/questiondown/Agrave/Aacute/Acircumflex/Atilde/Adieresis/Aring/AE
/Ccedilla/Egrave/Eacute/Ecircumflex/Edieresis/Igrave/Iacute/Icircumflex
/Idieresis/Eth/Ntilde/Ograve/Oacute/Ocircumflex/Otilde/Odieresis
/multiply/Oslash/Ugrave/Uacute/Ucircumflex/Udieresis/Yacute/Thorn
/germandbls/agrave/aacute/acircumflex/atilde/adieresis/aring/ae/ccedilla
/egrave/eacute/ecircumflex/edieresis/igrave/iacute/icircumflex/idieresis
/eth/ntilde/ograve/oacute/ocircumflex/otilde/odieresis/divide/oslash
/ugrave/uacute/ucircumflex/udieresis/yacute/thorn/ydieresis]def
/Times-Roman@0 ENC0/Times-Roman RE
%%EndSetup
%%Page: 1 1
%%BeginPageSetup
BP
%%EndPageSetup
/F0 10/Times-Roman@0 SF 101.625(#-)72 12 S 99.125(---------------------\
-----------------------------------------------------# #)-101.625 F
335.04(/etc/pam.conf #)72 24 R(#)65.75 E .165(-------------------------\
--------------------------------------------------# # # NO)72 36 R .165
(TE # ---- # # NO)-.4 F .164(TE: Most program use a \214le)-.4 F .142
(under the /etc/pam.d/ directory to setup their # P)72 48 R .143(AM ser\
vice modules. This \214le is used only if that directory does not)-.92 F
-.15(ex)72 60 S 2.5(ist. #).15 F(--------------------------------------\
-------------------------------------#)2.5 E 11.665(#F)72 84 S 9.165
(ormat: # serv)-11.815 F 9.99(.m)-.65 G 20.165(odule ctrl)-9.99 F 9.164
(module [path])39.334 F(...[ar).62 E 55.524(gs..] #)-.18 F 11.664(#n)
11.664 G 4.34(ame type)-11.664 F 239.5(\215ag #)72 96 R 0 Cg EP
%%Trailer
end
%%EOF
ubuntu@ip-172-31-18-176:/etc$ group                   pam.d                    update-motd.d
No command 'group' found, did you mean:
 Command 'groups' from package 'coreutils' (main)
group: command not found
ubuntu@ip-172-31-18-176:/etc$ group-                  passwd                   update-notifier
No command 'group-' found, did you mean:
 Command 'groups' from package 'coreutils' (main)
group-: command not found
ubuntu@ip-172-31-18-176:/etc$ grub.d                  passwd-                  upstart-xsessions
grub.d: command not found
ubuntu@ip-172-31-18-176:/etc$ gshadow                 perl                     vim
gshadow: command not found
ubuntu@ip-172-31-18-176:/etc$ gshadow-                pm                       vmware-tools
gshadow-: command not found
ubuntu@ip-172-31-18-176:/etc$ hdparm.conf             polkit-1                 vtrgb
hdparm.conf: command not found
ubuntu@ip-172-31-18-176:/etc$ host.conf               pollinate                w3m
host.conf: command not found
ubuntu@ip-172-31-18-176:/etc$ hostname                popularity-contest.conf  wgetrc
Usage: hostname [-b] {hostname|-F file}         set host name (from file)
       hostname [-a|-A|-d|-f|-i|-I|-s|-y]       display formatted name
       hostname                                 display host name

       {yp,nis,}domainname {nisdomain|-F file}  set NIS domain name (from file)
       {yp,nis,}domainname                      display NIS domain name

       dnsdomainname                            display dns domain name

       hostname -V|--version|-h|--help          print info and exit

Program name:
       {yp,nis,}domainname=hostname -y
       dnsdomainname=hostname -d

Program options:
    -a, --alias            alias names
    -A, --all-fqdns        all long host names (FQDNs)
    -b, --boot             set default hostname if none available
    -d, --domain           DNS domain name
    -f, --fqdn, --long     long host name (FQDN)
    -F, --file             read host name or NIS domain name from given file
    -i, --ip-address       addresses for the host name
    -I, --all-ip-addresses all addresses for the host
    -s, --short            short host name
    -y, --yp, --nis        NIS/YP domain name

Description:
   This command can get or set the host name or the NIS domain name. You can
   also get the DNS domain or the FQDN (fully qualified domain name).
   Unless you are using bind or NIS for host lookups you can change the
   FQDN (Fully Qualified Domain Name) and the DNS domain name (which is
   part of the FQDN) in the /etc/hosts file.
ubuntu@ip-172-31-18-176:/etc$ hosts                   ppp                      X11
No command 'hosts' found, did you mean:
 Command 'hostn' from package 'torque-client' (universe)
 Command 'hostn' from package 'torque-client-x11' (universe)
 Command 'host' from package 'bind9-host' (main)
 Command 'host' from package 'knot-host' (universe)
hosts: command not found
ubuntu@ip-172-31-18-176:/etc$ hosts.allow             profile                  xdg
hosts.allow: command not found
ubuntu@ip-172-31-18-176:/etc$ hosts.deny              profile.d                xml
hosts.deny: command not found
ubuntu@ip-172-31-18-176:/etc$ init                    protocols                zsh_command_not_found
init: Need to be root
ubuntu@ip-172-31-18-176:/etc$ init.d                  python
init.d: command not found
ubuntu@ip-172-31-18-176:/etc$ ubuntu@ip-172-31-18-176:/etc$ sudo vi ld.so.conf
-bash: ubuntu@ip-172-31-18-176:/etc$: No such file or directory
ubuntu@ip-172-31-18-176:/etc$ ubuntu@ip-172-31-18-176:/etc$ sudo touch usr-local.conf
-bash: ubuntu@ip-172-31-18-176:/etc$: No such file or directory
ubuntu@ip-172-31-18-176:/etc$ ubuntu@ip-172-31-18-176:/etc$ ls
-bash: ubuntu@ip-172-31-18-176:/etc$: No such file or directory
ubuntu@ip-172-31-18-176:/etc$ acpi                    initramfs-tools          python2.7
The program 'acpi' is currently not installed. You can install it by typing:
sudo apt-get install acpi
ubuntu@ip-172-31-18-176:/etc$ adduser.conf            inputrc                  python3
adduser.conf: command not found
ubuntu@ip-172-31-18-176:/etc$ adjtime                 insserv                  python3.4
No command 'adjtime' found, did you mean:
 Command 'adjtimex' from package 'adjtimex' (universe)
adjtime: command not found
ubuntu@ip-172-31-18-176:/etc$ alternatives            insserv.conf             rc0.d
No command 'alternatives' found, did you mean:
 Command 'galternatives' from package 'galternatives' (universe)
alternatives: command not found
ubuntu@ip-172-31-18-176:/etc$ apm                     insserv.conf.d           rc1.d
The program 'apm' is currently not installed. You can install it by typing:
sudo apt-get install apmd
ubuntu@ip-172-31-18-176:/etc$ apparmor                iproute2                 rc2.d
apparmor: command not found
ubuntu@ip-172-31-18-176:/etc$ apparmor.d              issue                    rc3.d
apparmor.d: command not found
ubuntu@ip-172-31-18-176:/etc$ apport                  issue.net                rc4.d
apport: command not found
ubuntu@ip-172-31-18-176:/etc$ apt                     kbd                      rc5.d
E: Invalid operation kbd
ubuntu@ip-172-31-18-176:/etc$ at.deny                 kernel                   rc6.d
at.deny: command not found
ubuntu@ip-172-31-18-176:/etc$ bash.bashrc             kernel-img.conf          rc.local
bash.bashrc: command not found
ubuntu@ip-172-31-18-176:/etc$ bash_completion         landscape                rcS.d
bash_completion: command not found
ubuntu@ip-172-31-18-176:/etc$ bash_completion.d       ldap                     resolvconf
bash_completion.d: command not found
ubuntu@ip-172-31-18-176:/etc$ bindresvport.blacklist  ld.so.cache              resolv.conf
bindresvport.blacklist: command not found
ubuntu@ip-172-31-18-176:/etc$ blkid.conf              ld.so.conf               rmt
blkid.conf: command not found
ubuntu@ip-172-31-18-176:/etc$ blkid.tab               ld.so.conf.d             rpc
blkid.tab: command not found
ubuntu@ip-172-31-18-176:/etc$ byobu                   legal                    rsyslog.conf
unknown command: legal
ubuntu@ip-172-31-18-176:/etc$ ca-certificates         libaudit.conf            rsyslog.d
ca-certificates: command not found
ubuntu@ip-172-31-18-176:/etc$ ca-certificates.conf    locale.alias             screenrc
ca-certificates.conf: command not found
ubuntu@ip-172-31-18-176:/etc$ calendar                localtime                securetty
usage: calendar [-ab] [-A num] [-B num] [-l num] [-w num][-f calendarfile] [-t [[[cc]yy][mm]]dd]
ubuntu@ip-172-31-18-176:/etc$ chatscripts             logcheck                 security
chatscripts: command not found
ubuntu@ip-172-31-18-176:/etc$ cloud                   login.defs               selinux
cloud: command not found
ubuntu@ip-172-31-18-176:/etc$ console-setup           logrotate.conf           services
console-setup: command not found
ubuntu@ip-172-31-18-176:/etc$ cron.d                  logrotate.d              sgml
cron.d: command not found
ubuntu@ip-172-31-18-176:/etc$ cron.daily              lsb-release              shadow
cron.daily: command not found
ubuntu@ip-172-31-18-176:/etc$ cron.hourly             ltrace.conf              shadow-
cron.hourly: command not found
ubuntu@ip-172-31-18-176:/etc$ cron.monthly            magic                    shells
cron.monthly: command not found
ubuntu@ip-172-31-18-176:/etc$ crontab                 magic.mime               skel
ubuntu@ip-172-31-18-176:/etc$ cron.weekly             mailcap                  ssh
cron.weekly: command not found
ubuntu@ip-172-31-18-176:/etc$ crypttab                mailcap.order            ssl
crypttab: command not found
ubuntu@ip-172-31-18-176:/etc$ dbus-1                  manpath.config           subgid
dbus-1: command not found
ubuntu@ip-172-31-18-176:/etc$ debconf.conf            mime.types               subgid-
debconf.conf: command not found
ubuntu@ip-172-31-18-176:/etc$ debian_version          mke2fs.conf              subuid
debian_version: command not found
ubuntu@ip-172-31-18-176:/etc$ default                 modprobe.d               subuid-
No command 'default' found, did you mean:
 Command 'defaults' from package 'gnustep-base-runtime' (universe)
default: command not found
ubuntu@ip-172-31-18-176:/etc$ deluser.conf            modules                  sudoers
deluser.conf: command not found
ubuntu@ip-172-31-18-176:/etc$ depmod.d                mtab                     sudoers.d
depmod.d: command not found
ubuntu@ip-172-31-18-176:/etc$ dhcp                    nanorc                   sysctl.conf
No command 'dhcp' found, did you mean:
 Command 'dccp' from package 'dcap' (universe)
 Command 'chcp' from package 'nilfs-tools' (universe)
 Command 'dhcpd' from package 'isc-dhcp-server' (main)
 Command 'dhcpd' from package 'isc-dhcp-server-ldap' (universe)
 Command 'dicp' from package 'dish' (universe)
 Command 'hcp' from package 'lam4-dev' (universe)
 Command 'dhcpx' from package 'irpas' (multiverse)
dhcp: command not found
ubuntu@ip-172-31-18-176:/etc$ dpkg                    network                  sysctl.d
dpkg: error: need an action option

Type dpkg --help for help about installing and deinstalling packages [*];
Use 'apt' or 'aptitude' for user-friendly package management;
Type dpkg -Dhelp for a list of dpkg debug flag values;
Type dpkg --force-help for a list of forcing options;
Type dpkg-deb --help for help about manipulating *.deb files;

Options marked [*] produce a lot of output - pipe it through 'less' or 'more' !
ubuntu@ip-172-31-18-176:/etc$ ec2_version             networks                 systemd
No command 'ec2_version' found, did you mean:
 Command 'ec2-version' from package 'ec2-api-tools' (multiverse)
ec2_version: command not found
ubuntu@ip-172-31-18-176:/etc$ environment             newt                     terminfo
environment: command not found
ubuntu@ip-172-31-18-176:/etc$ fonts                   nsswitch.conf            timezone
No command 'fonts' found, did you mean:
 Command 'font' from package 'libxgks-dev' (universe)
 Command 'fontc' from package 'ncl-ncarg' (universe)
fonts: command not found
ubuntu@ip-172-31-18-176:/etc$ fstab                   opt                      ucf.conf
fstab: command not found
ubuntu@ip-172-31-18-176:/etc$ fstab.d                 os-release               udev
fstab.d: command not found
ubuntu@ip-172-31-18-176:/etc$ fuse.conf               overlayroot.conf         ufw
fuse.conf: command not found
ubuntu@ip-172-31-18-176:/etc$ gai.conf                overlayroot.local.conf   updatedb.conf
gai.conf: command not found
ubuntu@ip-172-31-18-176:/etc$ groff                   pam.conf                 update-manager
%!PS-Adobe-3.0
%%Creator: groff version 1.22.2
%%CreationDate: Fri Sep 23 09:04:39 2016
%%DocumentNeededResources: font Times-Roman
%%DocumentSuppliedResources: procset grops 1.22 2
%%Pages: 1
%%PageOrder: Ascend
%%DocumentMedia: Default 595 842 0 () ()
%%Orientation: Portrait
%%EndComments
%%BeginDefaults
%%PageMedia: Default
%%EndDefaults
%%BeginProlog
%%BeginResource: procset grops 1.22 2
%!PS-Adobe-3.0 Resource-ProcSet
/setpacking where{
pop
currentpacking
true setpacking
}if
/grops 120 dict dup begin
/SC 32 def
/A/show load def
/B{0 SC 3 -1 roll widthshow}bind def
/C{0 exch ashow}bind def
/D{0 exch 0 SC 5 2 roll awidthshow}bind def
/E{0 rmoveto show}bind def
/F{0 rmoveto 0 SC 3 -1 roll widthshow}bind def
/G{0 rmoveto 0 exch ashow}bind def
/H{0 rmoveto 0 exch 0 SC 5 2 roll awidthshow}bind def
/I{0 exch rmoveto show}bind def
/J{0 exch rmoveto 0 SC 3 -1 roll widthshow}bind def
/K{0 exch rmoveto 0 exch ashow}bind def
/L{0 exch rmoveto 0 exch 0 SC 5 2 roll awidthshow}bind def
/M{rmoveto show}bind def
/N{rmoveto 0 SC 3 -1 roll widthshow}bind def
/O{rmoveto 0 exch ashow}bind def
/P{rmoveto 0 exch 0 SC 5 2 roll awidthshow}bind def
/Q{moveto show}bind def
/R{moveto 0 SC 3 -1 roll widthshow}bind def
/S{moveto 0 exch ashow}bind def
/T{moveto 0 exch 0 SC 5 2 roll awidthshow}bind def
/SF{
findfont exch
[exch dup 0 exch 0 exch neg 0 0]makefont
dup setfont
[exch/setfont cvx]cvx bind def
}bind def
/MF{
findfont
[5 2 roll
0 3 1 roll
neg 0 0]makefont
dup setfont
[exch/setfont cvx]cvx bind def
}bind def
/level0 0 def
/RES 0 def
/PL 0 def
/LS 0 def
/MANUAL{
statusdict begin/manualfeed true store end
}bind def
/PLG{
gsave newpath clippath pathbbox grestore
exch pop add exch pop
}bind def
/BP{
/level0 save def
1 setlinecap
1 setlinejoin
DEFS/BPhook known{DEFS begin BPhook end}if
72 RES div dup scale
LS{
90 rotate
}{
0 PL translate
}ifelse
1 -1 scale
}bind def
/EP{
level0 restore
showpage
}def
/DA{
newpath arcn stroke
}bind def
/SN{
transform
.25 sub exch .25 sub exch
round .25 add exch round .25 add exch
itransform
}bind def
/DL{
SN
moveto
SN
lineto stroke
}bind def
/DC{
newpath 0 360 arc closepath
}bind def
/TM matrix def
/DE{
TM currentmatrix pop
translate scale newpath 0 0 .5 0 360 arc closepath
TM setmatrix
}bind def
/RC/rcurveto load def
/RL/rlineto load def
/ST/stroke load def
/MT/moveto load def
/CL/closepath load def
/Fr{
setrgbcolor fill
}bind def
/setcmykcolor where{
pop
/Fk{
setcmykcolor fill
}bind def
}if
/Fg{
setgray fill
}bind def
/FL/fill load def
/LW/setlinewidth load def
/Cr/setrgbcolor load def
/setcmykcolor where{
pop
/Ck/setcmykcolor load def
}if
/Cg/setgray load def
/RE{
findfont
dup maxlength 1 index/FontName known not{1 add}if dict begin
{
1 index/FID ne
2 index/UniqueID ne
and
{def}{pop pop}ifelse
}forall
/Encoding exch def
dup/FontName exch def
currentdict end definefont pop
}bind def
/DEFS 0 def
/EBEGIN{
moveto
DEFS begin
}bind def
/EEND/end load def
/CNT 0 def
/level1 0 def
/PBEGIN{
/level1 save def
translate
div 3 1 roll div exch scale
neg exch neg exch translate
0 setgray
0 setlinecap
1 setlinewidth
0 setlinejoin
10 setmiterlimit
[]0 setdash
/setstrokeadjust where{
pop
false setstrokeadjust
}if
/setoverprint where{
pop
false setoverprint
}if
newpath
/CNT countdictstack def
userdict begin
/showpage{}def
/setpagedevice{}def
mark
}bind def
/PEND{
cleartomark
countdictstack CNT sub{end}repeat
level1 restore
}bind def
end def
/setpacking where{
pop
setpacking
}if
%%EndResource
%%EndProlog
%%BeginSetup
%%BeginFeature: *PageSize Default
<< /PageSize [ 595 842 ] /ImagingBBox null >> setpagedevice
%%EndFeature
%%IncludeResource: font Times-Roman
grops begin/DEFS 1 dict def DEFS begin/u{.001 mul}bind def end/RES 72
def/PL 841.89 def/LS false def/ENC0[/asciicircum/asciitilde/Scaron
/Zcaron/scaron/zcaron/Ydieresis/trademark/quotesingle/Euro/.notdef
/.notdef/.notdef/.notdef/.notdef/.notdef/.notdef/.notdef/.notdef/.notdef
/.notdef/.notdef/.notdef/.notdef/.notdef/.notdef/.notdef/.notdef/.notdef
/.notdef/.notdef/.notdef/space/exclam/quotedbl/numbersign/dollar/percent
/ampersand/quoteright/parenleft/parenright/asterisk/plus/comma/hyphen
/period/slash/zero/one/two/three/four/five/six/seven/eight/nine/colon
/semicolon/less/equal/greater/question/at/A/B/C/D/E/F/G/H/I/J/K/L/M/N/O
/P/Q/R/S/T/U/V/W/X/Y/Z/bracketleft/backslash/bracketright/circumflex
/underscore/quoteleft/a/b/c/d/e/f/g/h/i/j/k/l/m/n/o/p/q/r/s/t/u/v/w/x/y
/z/braceleft/bar/braceright/tilde/.notdef/quotesinglbase/guillemotleft
/guillemotright/bullet/florin/fraction/perthousand/dagger/daggerdbl
/endash/emdash/ff/fi/fl/ffi/ffl/dotlessi/dotlessj/grave/hungarumlaut
/dotaccent/breve/caron/ring/ogonek/quotedblleft/quotedblright/oe/lslash
/quotedblbase/OE/Lslash/.notdef/exclamdown/cent/sterling/currency/yen
/brokenbar/section/dieresis/copyright/ordfeminine/guilsinglleft
/logicalnot/minus/registered/macron/degree/plusminus/twosuperior
/threesuperior/acute/mu/paragraph/periodcentered/cedilla/onesuperior
/ordmasculine/guilsinglright/onequarter/onehalf/threequarters
/questiondown/Agrave/Aacute/Acircumflex/Atilde/Adieresis/Aring/AE
/Ccedilla/Egrave/Eacute/Ecircumflex/Edieresis/Igrave/Iacute/Icircumflex
/Idieresis/Eth/Ntilde/Ograve/Oacute/Ocircumflex/Otilde/Odieresis
/multiply/Oslash/Ugrave/Uacute/Ucircumflex/Udieresis/Yacute/Thorn
/germandbls/agrave/aacute/acircumflex/atilde/adieresis/aring/ae/ccedilla
/egrave/eacute/ecircumflex/edieresis/igrave/iacute/icircumflex/idieresis
/eth/ntilde/ograve/oacute/ocircumflex/otilde/odieresis/divide/oslash
/ugrave/uacute/ucircumflex/udieresis/yacute/thorn/ydieresis]def
/Times-Roman@0 ENC0/Times-Roman RE
%%EndSetup
%%Page: 1 1
%%BeginPageSetup
BP
%%EndPageSetup
/F0 10/Times-Roman@0 SF 101.625(#-)72 12 S 99.125(---------------------\
-----------------------------------------------------# #)-101.625 F
335.04(/etc/pam.conf #)72 24 R(#)65.75 E .165(-------------------------\
--------------------------------------------------# # # NO)72 36 R .165
(TE # ---- # # NO)-.4 F .164(TE: Most program use a \214le)-.4 F .142
(under the /etc/pam.d/ directory to setup their # P)72 48 R .143(AM ser\
vice modules. This \214le is used only if that directory does not)-.92 F
-.15(ex)72 60 S 2.5(ist. #).15 F(--------------------------------------\
-------------------------------------#)2.5 E 11.665(#F)72 84 S 9.165
(ormat: # serv)-11.815 F 9.99(.m)-.65 G 20.165(odule ctrl)-9.99 F 9.164
(module [path])39.334 F(...[ar).62 E 55.524(gs..] #)-.18 F 11.664(#n)
11.664 G 4.34(ame type)-11.664 F 239.5(\215ag #)72 96 R 0 Cg EP
%%Trailer
end
%%EOF
ubuntu@ip-172-31-18-176:/etc$ group                   pam.d                    update-motd.d
No command 'group' found, did you mean:
 Command 'groups' from package 'coreutils' (main)
group: command not found
ubuntu@ip-172-31-18-176:/etc$ group-                  passwd                   update-notifier
No command 'group-' found, did you mean:
 Command 'groups' from package 'coreutils' (main)
group-: command not found
ubuntu@ip-172-31-18-176:/etc$ grub.d                  passwd-                  upstart-xsessions
grub.d: command not found
ubuntu@ip-172-31-18-176:/etc$ gshadow                 perl                     usr-local.conf
gshadow: command not found
ubuntu@ip-172-31-18-176:/etc$ gshadow-                pm                       vim
gshadow-: command not found
ubuntu@ip-172-31-18-176:/etc$ hdparm.conf             polkit-1                 vmware-tools
hdparm.conf: command not found
ubuntu@ip-172-31-18-176:/etc$ host.conf               pollinate                vtrgb
host.conf: command not found
ubuntu@ip-172-31-18-176:/etc$ hostname                popularity-contest.conf  w3m
Usage: hostname [-b] {hostname|-F file}         set host name (from file)
       hostname [-a|-A|-d|-f|-i|-I|-s|-y]       display formatted name
       hostname                                 display host name

       {yp,nis,}domainname {nisdomain|-F file}  set NIS domain name (from file)
       {yp,nis,}domainname                      display NIS domain name

       dnsdomainname                            display dns domain name

       hostname -V|--version|-h|--help          print info and exit

Program name:
       {yp,nis,}domainname=hostname -y
       dnsdomainname=hostname -d

Program options:
    -a, --alias            alias names
    -A, --all-fqdns        all long host names (FQDNs)
    -b, --boot             set default hostname if none available
    -d, --domain           DNS domain name
    -f, --fqdn, --long     long host name (FQDN)
    -F, --file             read host name or NIS domain name from given file
    -i, --ip-address       addresses for the host name
    -I, --all-ip-addresses all addresses for the host
    -s, --short            short host name
    -y, --yp, --nis        NIS/YP domain name

Description:
   This command can get or set the host name or the NIS domain name. You can
   also get the DNS domain or the FQDN (fully qualified domain name).
   Unless you are using bind or NIS for host lookups you can change the
   FQDN (Fully Qualified Domain Name) and the DNS domain name (which is
   part of the FQDN) in the /etc/hosts file.
ubuntu@ip-172-31-18-176:/etc$ hosts                   ppp                      wgetrc
No command 'hosts' found, did you mean:
 Command 'hostn' from package 'torque-client' (universe)
 Command 'hostn' from package 'torque-client-x11' (universe)
 Command 'host' from package 'bind9-host' (main)
 Command 'host' from package 'knot-host' (universe)
hosts: command not found
ubuntu@ip-172-31-18-176:/etc$ hosts.allow             profile                  X11
hosts.allow: command not found
ubuntu@ip-172-31-18-176:/etc$ hosts.deny              profile.d                xdg
hosts.deny: command not found
ubuntu@ip-172-31-18-176:/etc$ init                    protocols                xml
init: Need to be root
ubuntu@ip-172-31-18-176:/etc$ init.d                  python                   zsh_command_not_found
init.d: command not found
ubuntu@ip-172-31-18-176:/etc$ ubuntu@ip-172-31-18-176:/etc$ sudo vi usr-local.conf
-bash: ubuntu@ip-172-31-18-176:/etc$: No such file or directory
ubuntu@ip-172-31-18-176:/etc$ ubuntu@ip-172-31-18-176:/etc$ ldconfig
-bash: ubuntu@ip-172-31-18-176:/etc$: No such file or directory
ubuntu@ip-172-31-18-176:/etc$ /sbin/ldconfig.real: Can't create temporary cache file /etc/ld.so.cache~: Permission denied
> ubuntu@ip-172-31-18-176:/etc$ sudo ldconfig
> ubuntu@ip-172-31-18-176:/etc$ cobc
> cobc: error: no input files
> ubuntu@ip-172-31-18-176:/etc$ cobc -v
> loading standard configuration file 'default.conf'
> cobc: error: no input files
> ubuntu@ip-172-31-18-176:/etc$ cobc -V
> cobc (GnuCOBOL) 2.0.0
> Copyright (C) 2016 Free Software Foundation, Inc.
> License GPLv3+: GNU GPL version 3 or later <http://gnu.org/licenses/gpl.html>
> This is free software; see the source for copying conditions.  There is NO
> warranty; not even for MERCHANTABILITY or FITNESS FOR A PARTICULAR PURPOSE.
> Written by Keisuke Nishida, Roger While, Ron Norman, Simon Sobisch, Edward Hart
> Built     Sep 23 2016 08:22:08
> Packaged  Aug 14 2016 12:21:51 UTC
> C version "4.8.4"
> ubuntu@ip-172-31-18-176:/etc$
>
>
> ^C
ubuntu@ip-172-31-18-176:/etc$ sudo vi usr-local.conf
ubuntu@ip-172-31-18-176:/etc$ cd /home/ubuntu/gnu-cobol-2.0
ubuntu@ip-172-31-18-176:~/gnu-cobol-2.0$ ls
ABOUT-NLS   config.h       COPYING.DOC     libcob       po
aclocal.m4  config.h.in    COPYING.LESSER  libcob.h     README
AUTHORS     config.log     defaults.h      libtool      stamp-h1
bin         config.status  doc             m4           tarstamp.h
build_aux   configure      extras          Makefile     tests
ChangeLog   configure.ac   gnu-cobol.spec  Makefile.am  THANKS
cobc        copy           INSTALL         Makefile.in  TODO
config      COPYING        lib             NEWS
ubuntu@ip-172-31-18-176:~/gnu-cobol-2.0$ cd bin
ubuntu@ip-172-31-18-176:~/gnu-cobol-2.0/bin$ ls
ChangeLog   cob-config.in  cobcrun.1  cobcrun-cobcrun.o  Makefile.am
cob-config  cobcrun        cobcrun.c  Makefile           Makefile.in
ubuntu@ip-172-31-18-176:~/gnu-cobol-2.0/bin$ cd ..
ubuntu@ip-172-31-18-176:~/gnu-cobol-2.0$ ls
ABOUT-NLS   config.h       COPYING.DOC     libcob       po
aclocal.m4  config.h.in    COPYING.LESSER  libcob.h     README
AUTHORS     config.log     defaults.h      libtool      stamp-h1
bin         config.status  doc             m4           tarstamp.h
build_aux   configure      extras          Makefile     tests
ChangeLog   configure.ac   gnu-cobol.spec  Makefile.am  THANKS
cobc        copy           INSTALL         Makefile.in  TODO
config      COPYING        lib             NEWS
ubuntu@ip-172-31-18-176:~/gnu-cobol-2.0$ cd ..
ubuntu@ip-172-31-18-176:~$ ls
gnu-cobol-2.0  gnu-cobol-2.0_rc-1.tar.gz  sample  sample.cbl
ubuntu@ip-172-31-18-176:~$ ./sample
HELLO WORLD!
ubuntu@ip-172-31-18-176:~$ sudo apt-get install gcc
Reading package lists... Done
Building dependency tree
Reading state information... Done
gcc is already the newest version.
gcc set to manually installed.
0 upgraded, 0 newly installed, 0 to remove and 38 not upgraded.
ubuntu@ip-172-31-18-176:~$ gcc
gcc: fatal error: no input files
compilation terminated.
ubuntu@ip-172-31-18-176:~$ sudo apt-get install libfcgi-dev
Reading package lists... Done
Building dependency tree
Reading state information... Done
The following extra packages will be installed:
  libfcgi0ldbl
The following NEW packages will be installed:
  libfcgi-dev libfcgi0ldbl
0 upgraded, 2 newly installed, 0 to remove and 38 not upgraded.
Need to get 192 kB of archives.
After this operation, 658 kB of additional disk space will be used.
Do you want to continue? [Y/n] y
Get:1 http://ap-southeast-1.ec2.archive.ubuntu.com/ubuntu/ trusty/main libfcgi0ldbl amd64 2.4.0-8.1ubuntu5 [161 kB]
Get:2 http://ap-southeast-1.ec2.archive.ubuntu.com/ubuntu/ trusty/main libfcgi-dev amd64 2.4.0-8.1ubuntu5 [30.7 kB]
Fetched 192 kB in 1s (173 kB/s)
Selecting previously unselected package libfcgi0ldbl.
(Reading database ... 55705 files and directories currently installed.)
Preparing to unpack .../libfcgi0ldbl_2.4.0-8.1ubuntu5_amd64.deb ...
Unpacking libfcgi0ldbl (2.4.0-8.1ubuntu5) ...
Selecting previously unselected package libfcgi-dev.
Preparing to unpack .../libfcgi-dev_2.4.0-8.1ubuntu5_amd64.deb ...
Unpacking libfcgi-dev (2.4.0-8.1ubuntu5) ...
Processing triggers for man-db (2.6.7.1-1ubuntu1) ...
Setting up libfcgi0ldbl (2.4.0-8.1ubuntu5) ...
Setting up libfcgi-dev (2.4.0-8.1ubuntu5) ...
Processing triggers for libc-bin (2.19-0ubuntu6.9) ...
ubuntu@ip-172-31-18-176:~$ sudo apt-get install spawn-fcgi
Reading package lists... Done
Building dependency tree
Reading state information... Done
The following NEW packages will be installed:
  spawn-fcgi
0 upgraded, 1 newly installed, 0 to remove and 38 not upgraded.
Need to get 14.0 kB of archives.
After this operation, 102 kB of additional disk space will be used.
Get:1 http://ap-southeast-1.ec2.archive.ubuntu.com/ubuntu/ trusty/universe spawn-fcgi amd64 1.6.3-1 [14.0 kB]
Fetched 14.0 kB in 0s (25.8 kB/s)
Selecting previously unselected package spawn-fcgi.
(Reading database ... 55762 files and directories currently installed.)
Preparing to unpack .../spawn-fcgi_1.6.3-1_amd64.deb ...
Unpacking spawn-fcgi (1.6.3-1) ...
Processing triggers for man-db (2.6.7.1-1ubuntu1) ...
Setting up spawn-fcgi (1.6.3-1) ...
update-alternatives: using /usr/bin/spawn-fcgi.standalone to provide /usr/bin/spawn-fcgi (spawn-fcgi) in auto mode
update-alternatives: warning: not replacing /usr/share/man/man1/spawn-fcgi.1.gz with a link
ubuntu@ip-172-31-18-176:~$ sudo apt-get install nginx
Reading package lists... Done
Building dependency tree
Reading state information... Done
The following extra packages will be installed:
  fontconfig-config fonts-dejavu-core libfontconfig1 libgd3 libjbig0
  libjpeg-turbo8 libjpeg8 libtiff5 libvpx1 libxpm4 libxslt1.1 nginx-common
  nginx-core
Suggested packages:
  libgd-tools fcgiwrap nginx-doc
The following NEW packages will be installed:
  fontconfig-config fonts-dejavu-core libfontconfig1 libgd3 libjbig0
  libjpeg-turbo8 libjpeg8 libtiff5 libvpx1 libxpm4 libxslt1.1 nginx
  nginx-common nginx-core
0 upgraded, 14 newly installed, 0 to remove and 38 not upgraded.
Need to get 2,679 kB of archives.
After this operation, 9,057 kB of additional disk space will be used.
Do you want to continue? [Y/n] y
Get:1 http://ap-southeast-1.ec2.archive.ubuntu.com/ubuntu/ trusty/main fonts-dejavu-core all 2.34-1ubuntu1 [1,024 kB]
Get:2 http://ap-southeast-1.ec2.archive.ubuntu.com/ubuntu/ trusty-updates/main fontconfig-config all 2.11.0-0ubuntu4.2 [47.4 kB]
Get:3 http://ap-southeast-1.ec2.archive.ubuntu.com/ubuntu/ trusty-updates/main libfontconfig1 amd64 2.11.0-0ubuntu4.2 [123 kB]
Get:4 http://ap-southeast-1.ec2.archive.ubuntu.com/ubuntu/ trusty/main libjpeg-turbo8 amd64 1.3.0-0ubuntu2 [104 kB]
Get:5 http://ap-southeast-1.ec2.archive.ubuntu.com/ubuntu/ trusty/main libjpeg8 amd64 8c-2ubuntu8 [2,194 B]
Get:6 http://ap-southeast-1.ec2.archive.ubuntu.com/ubuntu/ trusty-updates/main libjbig0 amd64 2.0-2ubuntu4.1 [26.1 kB]
Get:7 http://ap-southeast-1.ec2.archive.ubuntu.com/ubuntu/ trusty-updates/main libtiff5 amd64 4.0.3-7ubuntu0.4 [143 kB]
Get:8 http://ap-southeast-1.ec2.archive.ubuntu.com/ubuntu/ trusty/main libvpx1 amd64 1.3.0-2 [556 kB]
Get:9 http://ap-southeast-1.ec2.archive.ubuntu.com/ubuntu/ trusty/main libxpm4 amd64 1:3.5.10-1 [38.3 kB]
Get:10 http://ap-southeast-1.ec2.archive.ubuntu.com/ubuntu/ trusty-updates/main libgd3 amd64 2.1.0-3ubuntu0.3 [122 kB]
Get:11 http://ap-southeast-1.ec2.archive.ubuntu.com/ubuntu/ trusty/main libxslt1.1 amd64 1.1.28-2build1 [145 kB]
Get:12 http://ap-southeast-1.ec2.archive.ubuntu.com/ubuntu/ trusty-updates/main nginx-common all 1.4.6-1ubuntu3.5 [18.1 kB]
Get:13 http://ap-southeast-1.ec2.archive.ubuntu.com/ubuntu/ trusty-updates/main nginx-core amd64 1.4.6-1ubuntu3.5 [325 kB]
Get:14 http://ap-southeast-1.ec2.archive.ubuntu.com/ubuntu/ trusty-updates/main nginx all 1.4.6-1ubuntu3.5 [5,454 B]
Fetched 2,679 kB in 0s (23.1 MB/s)
Selecting previously unselected package fonts-dejavu-core.
(Reading database ... 55773 files and directories currently installed.)
Preparing to unpack .../fonts-dejavu-core_2.34-1ubuntu1_all.deb ...
Unpacking fonts-dejavu-core (2.34-1ubuntu1) ...
Selecting previously unselected package fontconfig-config.
Preparing to unpack .../fontconfig-config_2.11.0-0ubuntu4.2_all.deb ...
Unpacking fontconfig-config (2.11.0-0ubuntu4.2) ...
Selecting previously unselected package libfontconfig1:amd64.
Preparing to unpack .../libfontconfig1_2.11.0-0ubuntu4.2_amd64.deb ...
Unpacking libfontconfig1:amd64 (2.11.0-0ubuntu4.2) ...
Selecting previously unselected package libjpeg-turbo8:amd64.
Preparing to unpack .../libjpeg-turbo8_1.3.0-0ubuntu2_amd64.deb ...
Unpacking libjpeg-turbo8:amd64 (1.3.0-0ubuntu2) ...
Selecting previously unselected package libjpeg8:amd64.
Preparing to unpack .../libjpeg8_8c-2ubuntu8_amd64.deb ...
Unpacking libjpeg8:amd64 (8c-2ubuntu8) ...
Selecting previously unselected package libjbig0:amd64.
Preparing to unpack .../libjbig0_2.0-2ubuntu4.1_amd64.deb ...
Unpacking libjbig0:amd64 (2.0-2ubuntu4.1) ...
Selecting previously unselected package libtiff5:amd64.
Preparing to unpack .../libtiff5_4.0.3-7ubuntu0.4_amd64.deb ...
Unpacking libtiff5:amd64 (4.0.3-7ubuntu0.4) ...
Selecting previously unselected package libvpx1:amd64.
Preparing to unpack .../libvpx1_1.3.0-2_amd64.deb ...
Unpacking libvpx1:amd64 (1.3.0-2) ...
Selecting previously unselected package libxpm4:amd64.
Preparing to unpack .../libxpm4_1%3a3.5.10-1_amd64.deb ...
Unpacking libxpm4:amd64 (1:3.5.10-1) ...
Selecting previously unselected package libgd3:amd64.
Preparing to unpack .../libgd3_2.1.0-3ubuntu0.3_amd64.deb ...
Unpacking libgd3:amd64 (2.1.0-3ubuntu0.3) ...
Selecting previously unselected package libxslt1.1:amd64.
Preparing to unpack .../libxslt1.1_1.1.28-2build1_amd64.deb ...
Unpacking libxslt1.1:amd64 (1.1.28-2build1) ...
Selecting previously unselected package nginx-common.
Preparing to unpack .../nginx-common_1.4.6-1ubuntu3.5_all.deb ...
Unpacking nginx-common (1.4.6-1ubuntu3.5) ...
Selecting previously unselected package nginx-core.
Preparing to unpack .../nginx-core_1.4.6-1ubuntu3.5_amd64.deb ...
Unpacking nginx-core (1.4.6-1ubuntu3.5) ...
Selecting previously unselected package nginx.
Preparing to unpack .../nginx_1.4.6-1ubuntu3.5_all.deb ...
Unpacking nginx (1.4.6-1ubuntu3.5) ...
Processing triggers for man-db (2.6.7.1-1ubuntu1) ...
Processing triggers for ureadahead (0.100.0-16) ...
Processing triggers for ufw (0.34~rc-0ubuntu2) ...
Setting up fonts-dejavu-core (2.34-1ubuntu1) ...
Setting up fontconfig-config (2.11.0-0ubuntu4.2) ...
Setting up libfontconfig1:amd64 (2.11.0-0ubuntu4.2) ...
Setting up libjpeg-turbo8:amd64 (1.3.0-0ubuntu2) ...
Setting up libjpeg8:amd64 (8c-2ubuntu8) ...
Setting up libjbig0:amd64 (2.0-2ubuntu4.1) ...
Setting up libtiff5:amd64 (4.0.3-7ubuntu0.4) ...
Setting up libvpx1:amd64 (1.3.0-2) ...
Setting up libxpm4:amd64 (1:3.5.10-1) ...
Setting up libgd3:amd64 (2.1.0-3ubuntu0.3) ...
Setting up libxslt1.1:amd64 (1.1.28-2build1) ...
Setting up nginx-common (1.4.6-1ubuntu3.5) ...
Processing triggers for ureadahead (0.100.0-16) ...
Processing triggers for ufw (0.34~rc-0ubuntu2) ...
Setting up nginx-core (1.4.6-1ubuntu3.5) ...
Setting up nginx (1.4.6-1ubuntu3.5) ...
Processing triggers for libc-bin (2.19-0ubuntu6.9) ...
ubuntu@ip-172-31-18-176:~$ sudo apt-get install curl
Reading package lists... Done
Building dependency tree
Reading state information... Done
The following extra packages will be installed:
  libcurl3
The following packages will be upgraded:
  curl libcurl3
2 upgraded, 0 newly installed, 0 to remove and 36 not upgraded.
Need to get 296 kB of archives.
After this operation, 0 B of additional disk space will be used.
Do you want to continue? [Y/n] y
Get:1 http://ap-southeast-1.ec2.archive.ubuntu.com/ubuntu/ trusty-updates/main curl amd64 7.35.0-1ubuntu2.9 [123 kB]
Get:2 http://ap-southeast-1.ec2.archive.ubuntu.com/ubuntu/ trusty-updates/main libcurl3 amd64 7.35.0-1ubuntu2.9 [173 kB]
Fetched 296 kB in 0s (11.3 MB/s)
(Reading database ... 55987 files and directories currently installed.)
Preparing to unpack .../curl_7.35.0-1ubuntu2.9_amd64.deb ...
Unpacking curl (7.35.0-1ubuntu2.9) over (7.35.0-1ubuntu2.6) ...
Preparing to unpack .../libcurl3_7.35.0-1ubuntu2.9_amd64.deb ...
Unpacking libcurl3:amd64 (7.35.0-1ubuntu2.9) over (7.35.0-1ubuntu2.6) ...
Processing triggers for man-db (2.6.7.1-1ubuntu1) ...
Setting up libcurl3:amd64 (7.35.0-1ubuntu2.9) ...
Setting up curl (7.35.0-1ubuntu2.9) ...
Processing triggers for libc-bin (2.19-0ubuntu6.9) ...
ubuntu@ip-172-31-18-176:~$ sudo /etc/init.d/nginx restart
 * Restarting nginx nginx                                                [ OK ]
ubuntu@ip-172-31-18-176:~$ curl localhost
<!DOCTYPE html>
<html>
<head>
<title>Welcome to nginx!</title>
<style>
    body {
        width: 35em;
        margin: 0 auto;
        font-family: Tahoma, Verdana, Arial, sans-serif;
    }
</style>
</head>
<body>
<h1>Welcome to nginx!</h1>
<p>If you see this page, the nginx web server is successfully installed and
working. Further configuration is required.</p>

<p>For online documentation and support please refer to
<a href="http://nginx.org/">nginx.org</a>.<br/>
Commercial support is available at
<a href="http://nginx.com/">nginx.com</a>.</p>

<p><em>Thank you for using nginx.</em></p>
</body>
</html>
ubuntu@ip-172-31-18-176:~$ sudo vi /etc/nginx/sites-available/default
ubuntu@ip-172-31-18-176:~$ sudo /etc/init.d/nginx restart
 * Restarting nginx nginx                                                [ OK ]
ubuntu@ip-172-31-18-176:~$ curl localhost/test
<html>
<head><title>502 Bad Gateway</title></head>
<body bgcolor="white">
<center><h1>502 Bad Gateway</h1></center>
<hr><center>nginx/1.4.6 (Ubuntu)</center>
</body>
</html>
ubuntu@ip-172-31-18-176:~$ ls
gnu-cobol-2.0  gnu-cobol-2.0_rc-1.tar.gz  sample  sample.cbl
ubuntu@ip-172-31-18-176:~$ cobc -x -C sample.cbl
ubuntu@ip-172-31-18-176:~$ ls
gnu-cobol-2.0              sample    sample.cbl  sample.c.l.h
gnu-cobol-2.0_rc-1.tar.gz  sample.c  sample.c.h
ubuntu@ip-172-31-18-176:~$ sudo vi sample.c
ubuntu@ip-172-31-18-176:~$ cobc -x sample.c -lfcgi
ubuntu@ip-172-31-18-176:~$ spawn-fcgi -a 127.0.0.1 -p 9000 -n -- sample
HELLO WORLD!
ubuntu@ip-172-31-18-176:~$ sudo vi sample.c
ubuntu@ip-172-31-18-176:~$ sudo /etc/init.d/nginx restart
 * Restarting nginx nginx                                                [ OK ]
ubuntu@ip-172-31-18-176:~$ spawn-fcgi -a 127.0.0.1 -p 9000 -n -- sample
HELLO WORLD!
ubuntu@ip-172-31-18-176:~$ sudo vi sample.c
ubuntu@ip-172-31-18-176:~$ sudo cp sample.c sample-old.c
ubuntu@ip-172-31-18-176:~$ ls
gnu-cobol-2.0              sample    sample.cbl  sample.c.l.h
gnu-cobol-2.0_rc-1.tar.gz  sample.c  sample.c.h  sample-old.c
ubuntu@ip-172-31-18-176:~$ sudo vi sample.cbl
ubuntu@ip-172-31-18-176:~$ sudo vi sample.cbl
ubuntu@ip-172-31-18-176:~$ cobc -x -C sample.cbl
ubuntu@ip-172-31-18-176:~$ ls
gnu-cobol-2.0              sample    sample.cbl  sample.c.l.h
gnu-cobol-2.0_rc-1.tar.gz  sample.c  sample.c.h  sample-old.c
ubuntu@ip-172-31-18-176:~$ sudo vi sample.c
ubuntu@ip-172-31-18-176:~$ sudo vi sample.c
ubuntu@ip-172-31-18-176:~$ cobc -x sample.c -lfcgi
ubuntu@ip-172-31-18-176:~$ spawn-fcgi -a 127.0.0.1 -p 9000 -n -- sample

//AMRESH KADIAN - changes start
  FCGX_Stream *in, *out, *err;
  FCGX_ParamArray envp;
  while (FCGX_Accept(&in, &out, &err, &envp) >= 0) {
    char *q = FCGX_GetParam("QUERY_STRING", envp);
    FCGX_FPrintF(out, "Content-type: text/plain\r\n\r\n");
    if (!q) {
      FCGX_FPrintF(out,
          "no query string: check web server configuration\n");
    };

    FCGX_FPrintF(out, "INSIDE sample_()");
    FCGX_FPrintF(out, "My Simple Query: '%s'\n", q);
^C
caught signal (signal SIGINT)
abnormal termination - file contents may be incorrect
ubuntu@ip-172-31-18-176:~$
